// Jest Snapshot v1, https://goo.gl/fbAQLP

exports[`render correctly date component 1`] = `
<Fragment>
  <p
    className="label"
  >
    find your movie
  </p>
  <div
    className="search-form"
  >
    <input
      className="search-text"
      placeholder="Search"
      type="text"
    />
    <button
      className="search-button"
      type="button"
    >
      search
    </button>
  </div>
  <div
    className="search-by"
  >
    <span>
      search by
    </span>
    <button
      className="by-title active"
      type="button"
    >
      title
    </button>
    <button
      className="by-genre"
      type="button"
    >
      genre
    </button>
  </div>
</Fragment>
`;
