// Jest Snapshot v1, https://goo.gl/fbAQLP

exports[`Test initial BodyContainer should render with initial state data 1`] = `undefined`;

exports[`Test initial BodyContainer should render with next state data 1`] = `undefined`;
